Script started on 2026-08-17 15:29:55+00:00 [COMMAND="/usr/local/bin/bun expo start --port 8081 --tunnel" <not executed on terminal>]
[90menv: load .env.local[39m
[90menv: export STRIPE_PUBLISHABLE_KEY STRIPE_SECRET_KEY STRIPE_WEBHOOK_SECRET STRIPE_TEST_SECRET_KEY STRIPE_TEST_WEBHOOK_SECRET TWILIO_AUTH_TOKEN TWILIO_ACCOUNT_SID TWILIO_FROM_PHONE_NUMBER EXPO_PUBLIC_BLINK_PROJECT_ID EXPO_PUBLIC_BLINK_PUBLISHABLE_KEY BLINK_SECRET_KEY[39m
[90mStarting project at /home/user[39m
[2mStarting Metro Bundler[22m
Tunnel connected.
Tunnel ready.
[33mThe following packages should be updated for best compatibility with the installed [1mexpo[22m version:[39m
[33m  [1mexpo[22m[36m@[39m[33m[31m54.0.33[39m[33m - expected version: [32m~54.0.37[39m[33m[39m
[33m  [1mexpo-constants[22m[36m@[39m[33m[31m18.0.13[39m[33m - expected version: [32m~18.0.14[39m[33m[39m
[33m  [1mexpo-font[22m[36m@[39m[33m[31m14.0.11[39m[33m - expected version: [32m~14.0.12[39m[33m[39m
[33m  [1mexpo-image-picker[22m[36m@[39m[33m[31m17.0.10[39m[33m - expected version: [32m~17.0.11[39m[33m[39m
[33m  [1mexpo-linking[22m[36m@[39m[33m[31m8.0.11[39m[33m - expected version: [32m~8.0.12[39m[33m[39m
[33m  [1mexpo-notifications[22m[36m@[39m[33m[31m55.0.23[39m[33m - expected version: [32m~0.32.17[39m[33m[39m
[33m  [1mexpo-router[22m[36m@[39m[33m[31m6.0.23[39m[33m - expected version: [32m~6.0.24[39m[33m[39m
[33m  [1mexpo-web-browser[22m[36m@[39m[33m[31m15.0.10[39m[33m - expected version: [32m~15.0.11[39m[33m[39m
[33m  [1mreact-native-maps[22m[36m@[39m[33m[31m1.27.2[39m[33m - expected version: [32m1.20.1[39m[33m[39m
[33mYour project may not work correctly until you install the expected versions of the packages.[39m
▄▄▄▄▄▄▄▄▄▄▄▄▄▄▄▄▄▄▄▄▄▄▄▄▄▄▄▄▄▄▄
█ ▄▄▄▄▄ █   █▄▄ ▄ ▄▄▀▄█ ▄▄▄▄▄ █
█ █   █ █ ▀▄ █▀  ▀▄▄▄ █ █   █ █
█ █▄▄▄█ █▀██▀▀ █▄▄▄▀▀██ █▄▄▄█ █
█▄▄▄▄▄▄▄█▄▀▄█ █▄█ ▀▄█ █▄▄▄▄▄▄▄█
█▄▄▀▀ ▄▄█▀▀▀▄▀▄ ▀ ▄▄▄▄█▀ ▀ ▄  █
██ ▄█▄█▄▄▀█▀ ▄ ▄ ▀ █▀▀▄ ███▄  █
█▀  ███▄▄ █▄█▄ ▀ ▀ ▄█▄█▀▀▀▄█▀▀█
██▄█ ▄█▄█ ▀▄█▀█▀ ▄ █▀▄█▀██▄▄▀ █
█ ▄█▀ ▀▄ ▄▄ ▄▀▄▄▀▀▄▄█▄▄▀▀▀▄█▀ █
███▀▄█▀▄▄▀▄▄ ▄ ▄▄▄ ▀▀▀ ▄█ ▄▄█ █
█▄▄▄▄▄█▄█  ▀█▄ ▀ █  ▀ ▄▄▄ ▀▀▄▀█
█ ▄▄▄▄▄ █▀▄ █▀█▀  ▀▄  █▄█  █▀▄█
█ █   █ █▄  ▄▀▄▄▀ ▄▀▄  ▄  ▀█▄▀█
█ █▄▄▄█ █▀▀▄ ▄ ▄    █ ▄███ █  █
█▄▄▄▄▄▄▄█▄▄▄█▄▄█▄▄▄██▄██▄▄██▄██

› Metro waiting on [4mexp://1yu_eea-blinknew-8081.exp.direct[24m
› Scan the QR code above with Expo Go (Android) or the Camera app (iOS)

› Web is waiting on [4mhttp://localhost:8081[24m

› Using [36mExpo Go[39m
› Press [1ms[22m [2m│[22m switch to development build

› Press [1ma[22m [2m│[22m open Android
› Press [1mw[22m [2m│[22m open web

› Press [1mj[22m [2m│[22m open debugger
› Press [1mr[22m [2m│[22m reload app
› Press [1mm[22m [2m│[22m toggle menu
› [1mshift+m[22m [2m│[22m more tools
› Press [1mo[22m [2m│[22m open project code in your editor

› Press [1m?[22m [2m│[22m show all commands

Logs for your project will appear below.[2m Press Ctrl+C to exit.[22m
[31mTunnel connection has been closed. This is often related to intermittent connection issues between the dev server and ngrok. Restart the dev server to try connecting to ngrok again.[39m[90m[39m
[90mCheck the Ngrok status page for outages: https://status.ngrok.com/[39m
Tunnel connected.
Tunnel connected.
Tunnel connected.
